../Core/Src/main.c:183:6:enable_gpio_clocks	4	static
../Core/Src/main.c:189:6:set_pin_input	24	static
../Core/Src/main.c:200:6:set_all_pins_input	16	static
../Core/Src/main.c:209:6:initBCM	4	static
../Core/Src/main.c:221:6:init_button	16	static
../Core/Src/main.c:229:9:read_button	4	static
../Core/Src/main.c:244:6:calc_output_low_state	24	static
../Core/Src/main.c:262:6:calc_output_high_state	24	static
../Core/Src/main.c:282:6:convertFrame	72	static
../Core/Src/main.c:353:5:main	16	static
../Core/Src/main.c:427:6:SystemClock_Config	72	static
../Core/Src/main.c:469:13:MX_GPIO_Init	32	static
../Core/Src/main.c:494:6:SysTick_Handler	32	static
../Core/Src/main.c:568:6:game_init	8	static
../Core/Src/main.c:582:6:update_game_state	16	static
../Core/Src/main.c:642:6:draw_game_to_framebuffer	24	static
../Core/Src/main.c:662:6:draw_game_over_screen	32	static
../Core/Src/main.c:682:6:Error_Handler	4	static,ignoring_inline_asm
