../Core/Src/main.c:136:5:main	8	static
../Core/Src/main.c:251:6:SystemClock_Config	72	static
../Core/Src/main.c:288:13:MX_TIM1_Init	32	static
../Core/Src/main.c:334:13:MX_TIM2_Init	32	static
../Core/Src/main.c:381:13:MX_GPIO_Init	40	static
../Core/Src/main.c:451:6:HAL_TIM_PeriodElapsedCallback	24	static
../Core/Src/main.c:500:6:PrecomputeFrame	240	static
../Core/Src/main.c:578:6:GetHardwareRow	32	static
../Core/Src/main.c:589:6:initBitDurationLUT	16	static
../Core/Src/main.c:600:6:HAL_GPIO_EXTI_Callback	16	static
../Core/Src/main.c:634:6:SpawnApple	8	static
../Core/Src/main.c:658:6:InitSnake	8	static
../Core/Src/main.c:669:6:UpdateSnake	48	static
../Core/Src/main.c:758:6:Error_Handler	4	static,ignoring_inline_asm
