../Core/Src/main.c:176:5:main	24	static
../Core/Src/main.c:319:6:SystemClock_Config	72	static
../Core/Src/main.c:356:13:MX_TIM1_Init	32	static
../Core/Src/main.c:402:13:MX_TIM2_Init	32	static
../Core/Src/main.c:449:13:MX_GPIO_Init	40	static
../Core/Src/main.c:523:6:TIM1_DisplayUpdate	16	static
../Core/Src/main.c:558:6:HAL_TIM_PeriodElapsedCallback	16	static
../Core/Src/main.c:569:6:PrecomputeFrame	240	static
../Core/Src/main.c:658:6:GetHardwareRow	32	static
../Core/Src/main.c:678:6:DecodeReset	16	static
../Core/Src/main.c:693:6:RenderHeart	40	static
../Core/Src/main.c:714:6:DecodeNextFrame	32	static
../Core/Src/main.c:738:6:initBitDurationLUT	16	static
../Core/Src/main.c:753:6:HAL_GPIO_EXTI_Callback	16	static
../Core/Src/main.c:788:6:SpawnApple	24	static
../Core/Src/main.c:818:6:InitSnake	8	static
../Core/Src/main.c:829:6:UpdateSnake	24	static
../Core/Src/main.c:888:13:PlotPixel	32	static
../Core/Src/main.c:897:13:PlotCell	40	static
../Core/Src/main.c:906:6:RenderSnake	48	static
../Core/Src/main.c:947:6:Error_Handler	4	static,ignoring_inline_asm
