../Core/Src/main.c:131:5:main	7
../Core/Src/main.c:246:6:SystemClock_Config	3
../Core/Src/main.c:283:13:MX_TIM1_Init	4
../Core/Src/main.c:329:13:MX_TIM2_Init	4
../Core/Src/main.c:374:13:MX_GPIO_Init	1
../Core/Src/main.c:444:6:HAL_TIM_PeriodElapsedCallback	8
../Core/Src/main.c:499:6:PrecomputeFrame	18
../Core/Src/main.c:578:6:GetHardwareRow	3
../Core/Src/main.c:589:6:initBitDurationLUT	2
../Core/Src/main.c:596:6:HAL_GPIO_EXTI_Callback	12
../Core/Src/main.c:630:6:SpawnApple	3
../Core/Src/main.c:654:6:InitSnake	1
../Core/Src/main.c:665:6:UpdateSnake	21
../Core/Src/main.c:754:6:Error_Handler	1
