../Core/Src/main.c:136:5:main	7
../Core/Src/main.c:251:6:SystemClock_Config	3
../Core/Src/main.c:288:13:MX_TIM1_Init	4
../Core/Src/main.c:334:13:MX_TIM2_Init	4
../Core/Src/main.c:381:13:MX_GPIO_Init	1
../Core/Src/main.c:451:6:HAL_TIM_PeriodElapsedCallback	6
../Core/Src/main.c:500:6:PrecomputeFrame	18
../Core/Src/main.c:578:6:GetHardwareRow	3
../Core/Src/main.c:589:6:initBitDurationLUT	2
../Core/Src/main.c:600:6:HAL_GPIO_EXTI_Callback	12
../Core/Src/main.c:634:6:SpawnApple	3
../Core/Src/main.c:658:6:InitSnake	1
../Core/Src/main.c:669:6:UpdateSnake	21
../Core/Src/main.c:758:6:Error_Handler	1
