../Core/Src/main.c:138:5:main	8	static
../Core/Src/main.c:205:6:HAL_TIM_PeriodElapsedCallback	24	static
../Core/Src/main.c:258:6:PrecomputeFrame	248	static
../Core/Src/main.c:343:6:GetHardwareRow	32	static
../Core/Src/main.c:355:6:SystemClock_Config	72	static
../Core/Src/main.c:378:6:initBitDurationLUT	16	static
../Core/Src/main.c:387:13:MX_TIM1_Init	32	static
../Core/Src/main.c:410:13:MX_TIM2_Init	32	static
../Core/Src/main.c:431:13:MX_GPIO_Init	40	static
../Core/Src/main.c:452:6:HAL_GPIO_EXTI_Callback	16	static
../Core/Src/main.c:459:6:Error_Handler	4	static,ignoring_inline_asm
