../Core/Src/main.c:110:5:main	8	static
../Core/Src/main.c:212:6:SystemClock_Config	72	static
../Core/Src/main.c:249:13:MX_TIM1_Init	32	static
../Core/Src/main.c:295:13:MX_TIM2_Init	32	static
../Core/Src/main.c:340:13:MX_GPIO_Init	40	static
../Core/Src/main.c:410:6:HAL_TIM_PeriodElapsedCallback	24	static
../Core/Src/main.c:450:6:PrecomputeFrame	232	static
../Core/Src/main.c:512:6:GetHardwareRow	32	static
../Core/Src/main.c:523:6:initBitDurationLUT	16	static
../Core/Src/main.c:530:6:HAL_GPIO_EXTI_Callback	16	static
../Core/Src/main.c:544:6:Error_Handler	4	static,ignoring_inline_asm
