2026-02-24 13:59:33,848 [INFO] Activator:176 - 


2026-02-24 13:59:33,849 [INFO] Activator:177 - !SESSION log4j initialized
2026-02-24 13:59:35,690 [INFO] LogOutputStream:77 - [STDOUT_REDIRECT] 
2026-02-24 13:59:37,208 [INFO] ApplicationProperties:184 - Using Application install path: /opt/st/stm32cubeide_1.18.0/plugins/com.st.stm32cube.common.mx_6.14.0.202502271554
2026-02-24 13:59:37,225 [INFO] DbMcusXml:78 - Set database path to: /opt/st/stm32cubeide_1.18.0/plugins/com.st.stm32cube.common.mx_6.14.0.202502271554//db//mcu/
2026-02-24 13:59:37,225 [INFO] ApiDb:274 - Set plugin database path to: /opt/st/stm32cubeide_1.18.0/plugins/com.st.stm32cube.common.mx_6.14.0.202502271554//db//plugins/boardmanager/
2026-02-24 13:59:37,226 [WARN] ApiDb:259 - Overriding images path with different value:  => /opt/st/stm32cubeide_1.18.0/plugins/com.st.stm32cube.common.mx_6.14.0.202502271554//db//plugins/mcufinder/images/
2026-02-24 13:59:37,234 [INFO] ApiDb:250 - Set database path to: /home/stratobotic/.stmcufinder/plugins/mcufinder//mcu/
2026-02-24 13:59:37,235 [INFO] DbMcusAds:125 - Set database path to: /home/stratobotic/.stmcufinder/plugins/mcufinder//mcu/
2026-02-24 13:59:37,237 [INFO] CrossReferenceDbSqlite:203 - Set database path to: /home/stratobotic/.stmcufinder/plugins/mcufinder//mcu/cs/
2026-02-24 13:59:37,331 [INFO] RulesReader:64 - Compatibility file has been processed (301 Rules)
2026-02-24 13:59:37,418 [INFO] DbMcusXml:78 - Set database path to: /opt/st/stm32cubeide_1.18.0/plugins/com.st.stm32cube.common.mx_6.14.0.202502271554//db//mcu/
2026-02-24 13:59:37,418 [INFO] ApiDb:274 - Set plugin database path to: /opt/st/stm32cubeide_1.18.0/plugins/com.st.stm32cube.common.mx_6.14.0.202502271554//db//plugins/boardmanager/
2026-02-24 13:59:37,418 [INFO] ApiDb:261 - Set plugin images path to: /opt/st/stm32cubeide_1.18.0/plugins/com.st.stm32cube.common.mx_6.14.0.202502271554//db//plugins/mcufinder/images/
2026-02-24 13:59:37,418 [WARN] DbFile:41 - Overriding database path with different value: /home/stratobotic/.stmcufinder/plugins/mcufinder/ => /home/stratobotic/.stmcufinder/plugins/mcufinder
2026-02-24 13:59:37,418 [INFO] ApiDb:250 - Set database path to: /home/stratobotic/.stmcufinder/plugins/mcufinder//mcu/
2026-02-24 13:59:37,418 [WARN] DbFile:41 - Overriding database path with different value: /home/stratobotic/.stmcufinder/plugins/mcufinder/ => /home/stratobotic/.stmcufinder/plugins/mcufinder
2026-02-24 13:59:37,418 [INFO] DbMcusAds:125 - Set database path to: /home/stratobotic/.stmcufinder/plugins/mcufinder//mcu/
2026-02-24 13:59:37,419 [WARN] DbFile:41 - Overriding database path with different value: /home/stratobotic/.stmcufinder/plugins/mcufinder/ => /home/stratobotic/.stmcufinder/plugins/mcufinder
2026-02-24 13:59:37,419 [WARN] DbFile:41 - Overriding database path with different value: /home/stratobotic/.stmcufinder/plugins/mcufinder/ => /home/stratobotic/.stmcufinder/plugins/mcufinder
2026-02-24 13:59:37,419 [INFO] CrossReferenceDbSqlite:203 - Set database path to: /home/stratobotic/.stmcufinder/plugins/mcufinder//mcu/cs/
2026-02-24 13:59:37,498 [INFO] MainPanel:272 - HeapMemory: 268435456
2026-02-24 13:59:37,737 [INFO] DbMcusXml:78 - Set database path to: /opt/st/stm32cubeide_1.18.0/plugins/com.st.stm32cube.common.mx_6.14.0.202502271554//db//mcu/
2026-02-24 13:59:37,737 [INFO] ApiDb:274 - Set plugin database path to: /opt/st/stm32cubeide_1.18.0/plugins/com.st.stm32cube.common.mx_6.14.0.202502271554//db//plugins/boardmanager/
2026-02-24 13:59:37,737 [INFO] ApiDb:261 - Set plugin images path to: /opt/st/stm32cubeide_1.18.0/plugins/com.st.stm32cube.common.mx_6.14.0.202502271554//db//plugins/mcufinder/images/
2026-02-24 13:59:37,737 [WARN] DbFile:41 - Overriding database path with different value: /home/stratobotic/.stmcufinder/plugins/mcufinder/ => /home/stratobotic/.stmcufinder/plugins/mcufinder
2026-02-24 13:59:37,737 [INFO] ApiDb:250 - Set database path to: /home/stratobotic/.stmcufinder/plugins/mcufinder//mcu/
2026-02-24 13:59:37,737 [WARN] DbFile:41 - Overriding database path with different value: /home/stratobotic/.stmcufinder/plugins/mcufinder/ => /home/stratobotic/.stmcufinder/plugins/mcufinder
2026-02-24 13:59:37,737 [INFO] DbMcusAds:125 - Set database path to: /home/stratobotic/.stmcufinder/plugins/mcufinder//mcu/
2026-02-24 13:59:37,737 [WARN] DbFile:41 - Overriding database path with different value: /home/stratobotic/.stmcufinder/plugins/mcufinder/ => /home/stratobotic/.stmcufinder/plugins/mcufinder
2026-02-24 13:59:37,738 [WARN] DbFile:41 - Overriding database path with different value: /home/stratobotic/.stmcufinder/plugins/mcufinder/ => /home/stratobotic/.stmcufinder/plugins/mcufinder
2026-02-24 13:59:37,738 [INFO] CrossReferenceDbSqlite:203 - Set database path to: /home/stratobotic/.stmcufinder/plugins/mcufinder//mcu/cs/
2026-02-24 13:59:37,755 [INFO] ApplicationProperties:184 - Using Application install path: /opt/st/stm32cubeide_1.18.0/plugins/com.st.stm32cube.common.mx_6.14.0.202502271554
2026-02-24 13:59:37,756 [INFO] PluginManage:196 - Search for loadable plugins [exclusion list=, ]
2026-02-24 13:59:37,758 [INFO] PluginManage:310 - Check plugin analytics
2026-02-24 13:59:37,898 [INFO] AnalyticsPlugin:253 - Accepted Software Licenses: 
2026-02-24 13:59:37,898 [INFO] AnalyticsPlugin:255 - Accepted CMSIS Pack Licenses: 
2026-02-24 13:59:37,898 [INFO] AnalyticsPlugin:257 - Accepted Firmware Licenses: FW.F4.1.28.0
2026-02-24 13:59:37,900 [INFO] PluginManage:359 - Loaded plugin analytics (category:tool,tabindex:-1)
2026-02-24 13:59:37,901 [INFO] PluginManage:310 - Check plugin cadmodel
2026-02-24 13:59:37,906 [INFO] CADModel:105 - Init CAD model plugin
2026-02-24 13:59:37,906 [INFO] PluginManage:359 - Loaded plugin cadmodel (category:power,tabindex:5)
2026-02-24 13:59:37,906 [INFO] PluginManage:310 - Check plugin clock
2026-02-24 13:59:37,913 [INFO] PluginManage:359 - Loaded plugin clock (category:base,tabindex:2)
2026-02-24 13:59:37,914 [INFO] PluginManage:310 - Check plugin ddr
2026-02-24 13:59:37,915 [INFO] PluginManage:359 - Loaded plugin ddr (category:tool,tabindex:6)
2026-02-24 13:59:37,916 [INFO] PluginManage:310 - Check plugin filemanager
2026-02-24 13:59:38,104 [INFO] PluginManage:359 - Loaded plugin filemanager (category:base,tabindex:10)
2026-02-24 13:59:38,104 [INFO] PluginManage:310 - Check plugin ipmanager
2026-02-24 13:59:38,112 [INFO] PluginManage:359 - Loaded plugin ipmanager (category:base,tabindex:5)
2026-02-24 13:59:38,113 [INFO] PluginManage:310 - Check plugin lpbam
2026-02-24 13:59:38,122 [INFO] PluginManage:359 - Loaded plugin lpbam (category:base,tabindex:0)
2026-02-24 13:59:38,122 [INFO] PluginManage:310 - Check plugin memorymap
2026-02-24 13:59:38,135 [INFO] PluginManage:359 - Loaded plugin memorymap (category:base,tabindex:4)
2026-02-24 13:59:38,135 [INFO] PluginManage:310 - Check plugin pinoutandconfiguration
2026-02-24 13:59:38,143 [INFO] PluginManage:359 - Loaded plugin pinoutandconfiguration (category:base,tabindex:1)
2026-02-24 13:59:38,143 [INFO] PluginManage:310 - Check plugin pinoutconfig
2026-02-24 13:59:38,201 [WARN] SupportedApi:132 - Cannot load RTOS API schema: s4s-elt-must-match.1: The content of 'definitions' must match (annotation?, (simpleType | complexType)?, (unique | key | keyref)*)). A problem was found starting at: attribute.
2026-02-24 13:59:38,289 [INFO] PluginManage:359 - Loaded plugin pinoutconfig (category:base,tabindex:0)
2026-02-24 13:59:38,290 [INFO] PluginManage:310 - Check plugin power
2026-02-24 13:59:38,298 [INFO] PluginManage:359 - Loaded plugin power (category:power,tabindex:4)
2026-02-24 13:59:38,299 [INFO] PluginManage:310 - Check plugin projectmanager
2026-02-24 13:59:38,310 [INFO] PluginManage:359 - Loaded plugin projectmanager (category:projectmanager,tabindex:4)
2026-02-24 13:59:38,310 [INFO] PluginManage:310 - Check plugin rif
2026-02-24 13:59:38,315 [INFO] PluginManage:359 - Loaded plugin rif (category:base,tabindex:3)
2026-02-24 13:59:38,316 [INFO] PluginManage:310 - Check plugin thirdparty
2026-02-24 13:59:38,401 [INFO] PluginManage:359 - Loaded plugin thirdparty (category:base,tabindex:-1)
2026-02-24 13:59:38,402 [INFO] PluginManage:310 - Check plugin tools
2026-02-24 13:59:38,401 [WARN] IntegrityCheckThread:84 - waiting for thirdparty lock release [integrity check]
2026-02-24 13:59:38,402 [INFO] IntegrityCheckThread:86 - entering critical section [integrity check]
2026-02-24 13:59:38,402 [INFO] ThirdPartyUpdaterWithRetryManager:70 - Updater plugin not ready yet. [1/15]
2026-02-24 13:59:38,403 [INFO] PluginManage:359 - Loaded plugin tools (category:base,tabindex:7)
2026-02-24 13:59:38,404 [INFO] PluginManage:310 - Check plugin tutovideos
2026-02-24 13:59:38,540 [INFO] PluginManage:359 - Loaded plugin tutovideos (category:base,tabindex:-1)
2026-02-24 13:59:38,541 [INFO] PluginManage:310 - Check plugin updater
2026-02-24 13:59:38,563 [INFO] PluginManage:359 - Loaded plugin updater (category:base,tabindex:12)
2026-02-24 13:59:38,563 [INFO] PluginManage:310 - Check plugin userauth
2026-02-24 13:59:38,567 [INFO] UserAuth:118 - Init User Auth plugin
2026-02-24 13:59:38,567 [INFO] PluginManage:359 - Loaded plugin userauth (category:base,tabindex:14)
2026-02-24 13:59:38,568 [INFO] PluginManage:283 - PluginManage : Loaded plugins [18]
2026-02-24 13:59:38,760 [INFO] PinOutPanel:1589 - setPackage(No Configuration,No Configuration)
2026-02-24 13:59:38,825 [INFO] CADModel:165 - CPN selected for project level
2026-02-24 13:59:38,826 [INFO] CADModel:114 - Register for checkConnection events
2026-02-24 13:59:38,836 [INFO] IPUIPlugin:80 - create IPUIPlugin
2026-02-24 13:59:38,836 [INFO] PluginManager:220 - loadIPPluginJar : add usbx
2026-02-24 13:59:38,837 [INFO] IPUIPlugin:80 - create IPUIPlugin
2026-02-24 13:59:38,837 [INFO] PluginManager:220 - loadIPPluginJar : add hash
2026-02-24 13:59:38,839 [INFO] IPUIPlugin:80 - create IPUIPlugin
2026-02-24 13:59:38,839 [INFO] PluginManager:220 - loadIPPluginJar : add cryp
2026-02-24 13:59:38,843 [INFO] IPUIPlugin:80 - create IPUIPlugin
2026-02-24 13:59:38,844 [INFO] PluginManager:220 - loadIPPluginJar : add adc
2026-02-24 13:59:38,845 [INFO] IPUIPlugin:80 - create IPUIPlugin
2026-02-24 13:59:38,845 [INFO] PluginManager:220 - loadIPPluginJar : add sai
2026-02-24 13:59:38,846 [INFO] IPUIPlugin:80 - create IPUIPlugin
2026-02-24 13:59:38,846 [INFO] PluginManager:220 - loadIPPluginJar : add genericplugin
2026-02-24 13:59:38,849 [INFO] IPUIPlugin:80 - create IPUIPlugin
2026-02-24 13:59:38,849 [INFO] PluginManager:220 - loadIPPluginJar : add ddr_ctrl_phy
2026-02-24 13:59:38,850 [INFO] IPUIPlugin:80 - create IPUIPlugin
2026-02-24 13:59:38,850 [INFO] PluginManager:220 - loadIPPluginJar : add dma3
2026-02-24 13:59:38,851 [INFO] IPUIPlugin:80 - create IPUIPlugin
2026-02-24 13:59:38,851 [INFO] PluginManager:220 - loadIPPluginJar : add lorawan
2026-02-24 13:59:38,852 [INFO] IPUIPlugin:80 - create IPUIPlugin
2026-02-24 13:59:38,853 [INFO] PluginManager:220 - loadIPPluginJar : add ts
2026-02-24 13:59:38,856 [INFO] IPUIPlugin:80 - create IPUIPlugin
2026-02-24 13:59:38,856 [INFO] PluginManager:220 - loadIPPluginJar : add dma
2026-02-24 13:59:38,859 [INFO] IPUIPlugin:80 - create IPUIPlugin
2026-02-24 13:59:38,859 [INFO] PluginManager:220 - loadIPPluginJar : add gic
2026-02-24 13:59:38,860 [INFO] IPUIPlugin:80 - create IPUIPlugin
2026-02-24 13:59:38,860 [INFO] PluginManager:220 - loadIPPluginJar : add gfxmmu
2026-02-24 13:59:38,862 [INFO] IPUIPlugin:80 - create IPUIPlugin
2026-02-24 13:59:38,862 [INFO] PluginManager:220 - loadIPPluginJar : add gtzc
2026-02-24 13:59:38,864 [INFO] IPUIPlugin:80 - create IPUIPlugin
2026-02-24 13:59:38,864 [INFO] PluginManager:220 - loadIPPluginJar : add i3c
2026-02-24 13:59:38,866 [INFO] IPUIPlugin:80 - create IPUIPlugin
2026-02-24 13:59:38,866 [INFO] PluginManager:220 - loadIPPluginJar : add i2c
2026-02-24 13:59:38,870 [INFO] IPUIPlugin:80 - create IPUIPlugin
2026-02-24 13:59:38,870 [INFO] PluginManager:220 - loadIPPluginJar : add freertos
2026-02-24 13:59:38,870 [INFO] IPUIPlugin:80 - create IPUIPlugin
2026-02-24 13:59:38,871 [INFO] PluginManager:220 - loadIPPluginJar : add ltdc
2026-02-24 13:59:38,872 [INFO] IPUIPlugin:80 - create IPUIPlugin
2026-02-24 13:59:38,872 [INFO] PluginManager:220 - loadIPPluginJar : add extmemmanager
2026-02-24 13:59:38,873 [INFO] IPUIPlugin:80 - create IPUIPlugin
2026-02-24 13:59:38,873 [INFO] PluginManager:220 - loadIPPluginJar : add spi
2026-02-24 13:59:38,874 [INFO] IPUIPlugin:80 - create IPUIPlugin
2026-02-24 13:59:38,874 [INFO] PluginManager:220 - loadIPPluginJar : add tim
2026-02-24 13:59:38,875 [INFO] IPUIPlugin:80 - create IPUIPlugin
2026-02-24 13:59:38,875 [INFO] PluginManager:220 - loadIPPluginJar : add tracer_emb
2026-02-24 13:59:38,877 [INFO] IPUIPlugin:80 - create IPUIPlugin
2026-02-24 13:59:38,877 [INFO] PluginManager:220 - loadIPPluginJar : add openamp
2026-02-24 13:59:38,878 [INFO] IPUIPlugin:80 - create IPUIPlugin
2026-02-24 13:59:38,879 [INFO] PluginManager:220 - loadIPPluginJar : add usart
2026-02-24 13:59:38,884 [INFO] IPUIPlugin:80 - create IPUIPlugin
2026-02-24 13:59:38,884 [INFO] PluginManager:220 - loadIPPluginJar : add linkedlist
2026-02-24 13:59:38,888 [INFO] IPUIPlugin:80 - create IPUIPlugin
2026-02-24 13:59:38,888 [INFO] PluginManager:220 - loadIPPluginJar : add stm32_wpan
2026-02-24 13:59:38,889 [INFO] IPUIPlugin:80 - create IPUIPlugin
2026-02-24 13:59:38,889 [INFO] PluginManager:220 - loadIPPluginJar : add ucpd
2026-02-24 13:59:38,890 [INFO] IPUIPlugin:80 - create IPUIPlugin
2026-02-24 13:59:38,890 [INFO] PluginManager:220 - loadIPPluginJar : add pdm2pcm
2026-02-24 13:59:38,891 [INFO] IPUIPlugin:80 - create IPUIPlugin
2026-02-24 13:59:38,891 [INFO] PluginManager:220 - loadIPPluginJar : add comp
2026-02-24 13:59:38,892 [INFO] IPUIPlugin:80 - create IPUIPlugin
2026-02-24 13:59:38,892 [INFO] PluginManager:220 - loadIPPluginJar : add dfsdm
2026-02-24 13:59:38,895 [INFO] IPUIPlugin:80 - create IPUIPlugin
2026-02-24 13:59:38,895 [INFO] PluginManager:220 - loadIPPluginJar : add ipddr
2026-02-24 13:59:38,897 [INFO] IPUIPlugin:80 - create IPUIPlugin
2026-02-24 13:59:38,897 [INFO] PluginManager:220 - loadIPPluginJar : add i2s
2026-02-24 13:59:38,899 [INFO] IPUIPlugin:80 - create IPUIPlugin
2026-02-24 13:59:38,899 [INFO] PluginManager:220 - loadIPPluginJar : add aes
2026-02-24 13:59:38,900 [INFO] IPUIPlugin:80 - create IPUIPlugin
2026-02-24 13:59:38,900 [INFO] PluginManager:220 - loadIPPluginJar : add opamp
2026-02-24 13:59:38,901 [INFO] IPUIPlugin:80 - create IPUIPlugin
2026-02-24 13:59:38,901 [INFO] PluginManager:220 - loadIPPluginJar : add radio
2026-02-24 13:59:38,903 [INFO] IPUIPlugin:80 - create IPUIPlugin
2026-02-24 13:59:38,903 [INFO] PluginManager:220 - loadIPPluginJar : add nvic
2026-02-24 13:59:38,906 [INFO] IPUIPlugin:80 - create IPUIPlugin
2026-02-24 13:59:38,906 [INFO] PluginManager:220 - loadIPPluginJar : add fmc
2026-02-24 13:59:38,910 [INFO] IPUIPlugin:80 - create IPUIPlugin
2026-02-24 13:59:38,911 [INFO] PluginManager:220 - loadIPPluginJar : add plateformsettings
2026-02-24 13:59:38,915 [INFO] IPUIPlugin:80 - create IPUIPlugin
2026-02-24 13:59:38,915 [INFO] PluginManager:220 - loadIPPluginJar : add gpio
2026-02-24 13:59:38,917 [INFO] IPUIPlugin:80 - create IPUIPlugin
2026-02-24 13:59:38,917 [INFO] PluginManager:220 - loadIPPluginJar : add resmgrutility
2026-02-24 13:59:38,918 [INFO] IPUIPlugin:80 - create IPUIPlugin
2026-02-24 13:59:38,918 [INFO] PluginManager:220 - loadIPPluginJar : add tsc
2026-02-24 13:59:38,919 [INFO] IPUIPlugin:80 - create IPUIPlugin
2026-02-24 13:59:38,919 [INFO] PluginManager:220 - loadIPPluginJar : add touchsensing
2026-02-24 13:59:38,923 [INFO] IPUIPlugin:80 - create IPUIPlugin
2026-02-24 13:59:38,924 [INFO] PluginManager:220 - loadIPPluginJar : add mdma
2026-02-24 13:59:38,924 [INFO] IPUIPlugin:80 - create IPUIPlugin
2026-02-24 13:59:38,924 [INFO] PluginManager:220 - loadIPPluginJar : add quadspi
2026-02-24 13:59:38,925 [INFO] IPUIPlugin:80 - create IPUIPlugin
2026-02-24 13:59:38,925 [INFO] PluginManager:220 - loadIPPluginJar : add fatfs
2026-02-24 13:59:38,926 [INFO] IPUIPlugin:80 - create IPUIPlugin
2026-02-24 13:59:38,926 [INFO] PluginManager:220 - loadIPPluginJar : add can
2026-02-24 13:59:39,025 [FATAL] Updater:351 - Updater called before beeing initialized
2026-02-24 13:59:39,044 [INFO] RulesReader:64 - Compatibility file has been processed (301 Rules)
2026-02-24 13:59:39,050 [INFO] RulesReader:64 - Compatibility file has been processed (301 Rules)
2026-02-24 13:59:39,056 [INFO] CADModel:165 - CPN selected for project level
2026-02-24 13:59:39,057 [INFO] CADModel:114 - Register for checkConnection events
2026-02-24 13:59:39,057 [FATAL] Updater:351 - Updater called before beeing initialized
2026-02-24 13:59:39,057 [ERROR] CADModel:125 - Updater not yet initialized, retry later 
2026-02-24 13:59:39,156 [FATAL] Updater:351 - Updater called before beeing initialized
2026-02-24 13:59:39,158 [INFO] CADModel:165 - CPN selected for project level
2026-02-24 13:59:39,158 [INFO] CADModel:114 - Register for checkConnection events
2026-02-24 13:59:39,158 [FATAL] Updater:351 - Updater called before beeing initialized
2026-02-24 13:59:39,158 [ERROR] CADModel:125 - Updater not yet initialized, retry later 
2026-02-24 13:59:39,161 [FATAL] Updater:351 - Updater called before beeing initialized
2026-02-24 13:59:39,259 [FATAL] Updater:351 - Updater called before beeing initialized
2026-02-24 13:59:39,264 [INFO] DbMcusAds:53 - JSON generation date=Tue Jul 08 10:14:23 CEST 2025 (1751962463524)
2026-02-24 13:59:39,264 [FATAL] Updater:351 - Updater called before beeing initialized
2026-02-24 13:59:39,304 [WARN] DetailPanel:346 - Failed to get advertising image, set to default
2026-02-24 13:59:39,479 [FATAL] Updater:351 - Updater called before beeing initialized
2026-02-24 13:59:39,481 [FATAL] Updater:351 - Updater called before beeing initialized
2026-02-24 13:59:39,482 [FATAL] Updater:351 - Updater called before beeing initialized
2026-02-24 13:59:39,482 [WARN] DetailPanel:346 - Failed to get advertising image, set to default
2026-02-24 13:59:39,482 [FATAL] Updater:351 - Updater called before beeing initialized
2026-02-24 13:59:39,506 [ERROR] Updater:1198 - MainUpdater not yet initialized. External WinMGr cannot be set.
2026-02-24 13:59:39,508 [INFO] Updater:1134 - Updater Version found : 6.14.0
2026-02-24 13:59:39,520 [INFO] ApplicationProperties:184 - Using Application install path: /opt/st/stm32cubeide_1.18.0/plugins/com.st.stm32cube.common.mx_6.14.0.202502271554
2026-02-24 13:59:39,951 [INFO] MainUpdater:2872 - connection check result : 10
2026-02-24 13:59:39,953 [INFO] MainUpdater:289 - Updater Check For Update Now.
2026-02-24 13:59:39,953 [INFO] MicroXplorer:498 - Change Database Version : DB.6.0.140
2026-02-24 13:59:39,959 [INFO] McuFinderGlobals:63 - Set McuFinder mode to 2 (CubeIDE integrated)
2026-02-24 13:59:39,960 [INFO] UserAuth:486 - Internet connection configuration mode: 1
2026-02-24 13:59:39,980 [INFO] JxBrowserEngine:152 - Initiate JxBrowser Engine with user profile folder
2026-02-24 13:59:40,125 [INFO] CheckServerUpdateThread:120 - End of CheckServer Thread
2026-02-24 13:59:41,205 [INFO] WebApp:169 - Instantiating new browser for Auth
2026-02-24 13:59:41,520 [WARN] PackLoader:240 - Cannot read IP mode file for STMicroelectronics.FP-SNS-MOTENVWB1.1.4.0
2026-02-24 13:59:41,530 [WARN] PackLoader:240 - Cannot read IP mode file for STMicroelectronics.FP-ATR-ASTRA1.2.0.2
2026-02-24 13:59:41,537 [WARN] PackLoader:240 - Cannot read IP mode file for STMicroelectronics.X-CUBE-SMBUS.2.1.0
2026-02-24 13:59:41,541 [WARN] PackLoader:240 - Cannot read IP mode file for STMicroelectronics.X-CUBE-ST60.1.0.0
2026-02-24 13:59:41,567 [WARN] PackLoader:240 - Cannot read IP mode file for STMicroelectronics.X-CUBE-AZRTOS-F7.1.1.0
2026-02-24 13:59:41,577 [WARN] PackLoader:240 - Cannot read IP mode file for Cesanta.I-CUBE-Mongoose.7.19.0
2026-02-24 13:59:41,581 [ERROR] Engine:466 - /home/stratobotic/.stm32cubemx/thirdparties/pdsc/STMicroelectronics.FP-SNS-MOTENV1.5.1.0.pdsc: PDSC version is not supported
2026-02-24 13:59:41,585 [ERROR] Engine:466 - /home/stratobotic/.stm32cubemx/thirdparties/pdsc/WES.I-CUBE-Cesium.1.4.0.pdsc: PDSC version is not supported
2026-02-24 13:59:41,618 [WARN] PackLoader:240 - Cannot read IP mode file for Infineon.AIROC-Wi-Fi-Bluetooth-STM32.1.7.1
2026-02-24 13:59:41,648 [WARN] PackLoader:240 - Cannot read IP mode file for STMicroelectronics.X-CUBE-AZRTOS-H7.3.4.0
2026-02-24 13:59:41,658 [WARN] PackLoader:240 - Cannot read IP mode file for STMicroelectronics.X-CUBE-DISPLAY.3.0.0
2026-02-24 13:59:41,664 [ERROR] Engine:466 - /home/stratobotic/.stm32cubemx/thirdparties/pdsc/STMicroelectronics.FP-SNS-MOTENVWB1.1.5.0.pdsc: PDSC version is not supported
2026-02-24 13:59:41,673 [WARN] PackLoader:240 - Cannot read IP mode file for STMicroelectronics.X-CUBE-NFC10.1.0.0
2026-02-24 13:59:41,680 [WARN] PackLoader:240 - Cannot read IP mode file for STMicroelectronics.X-CUBE-ST60.1.1.0
2026-02-24 13:59:41,684 [WARN] PackLoader:240 - Cannot read IP mode file for emotas.I-CUBE-CANOPEN.1.3.0
2026-02-24 13:59:41,687 [WARN] PackLoader:240 - Cannot read IP mode file for STMicroelectronics.X-CUBE-GNSS1.7.1.0
2026-02-24 13:59:41,691 [ERROR] Engine:466 - /home/stratobotic/.stm32cubemx/thirdparties/pdsc/STMicroelectronics.FP-SNS-STBOX1.2.1.0.pdsc: PDSC version is not supported
2026-02-24 13:59:41,695 [WARN] PackLoader:240 - Cannot read IP mode file for STMicroelectronics.FP-SNS-SMARTAG2.1.2.0
2026-02-24 13:59:41,698 [WARN] PackLoader:240 - Cannot read IP mode file for STMicroelectronics.FP-SNS-FLIGHT1.5.1.0
2026-02-24 13:59:41,705 [INFO] LogOutputStream:77 - [STDOUT_REDIRECT] 1 : Invalid condition id : UX_CORESTACK_Condition cause : null
2026-02-24 13:59:41,706 [INFO] LogOutputStream:77 - [STDOUT_REDIRECT] 1 : Invalid condition id : UX_CORESTACK_Condition cause : null
2026-02-24 13:59:41,706 [INFO] LogOutputStream:77 - [STDOUT_REDIRECT] 1 : Invalid condition id : UX_CORESTACK_Condition cause : null
2026-02-24 13:59:41,706 [INFO] LogOutputStream:77 - [STDOUT_REDIRECT] 1 : Invalid condition id : UX_CORESTACK_Condition cause : null
2026-02-24 13:59:41,707 [INFO] LogOutputStream:77 - [STDOUT_REDIRECT] 1 : Invalid condition id : UX_CORESTACK_Condition cause : null
2026-02-24 13:59:41,710 [WARN] PackLoader:240 - Cannot read IP mode file for STMicroelectronics.X-CUBE-AZRTOS-WL.2.0.0
2026-02-24 13:59:41,715 [WARN] PackLoader:240 - Cannot read IP mode file for STMicroelectronics.FP-SNS-MOTENV1.5.0.0
2026-02-24 13:59:41,732 [WARN] PackLoader:240 - Cannot read IP mode file for STMicroelectronics.X-CUBE-AZRTOS-H7RS.1.2.0
2026-02-24 13:59:41,739 [WARN] PackLoader:240 - Cannot read IP mode file for STMicroelectronics.X-CUBE-BLE2.3.3.0
2026-02-24 13:59:41,758 [WARN] PackLoader:240 - Cannot read IP mode file for STMicroelectronics.X-CUBE-NFC9.1.0.0
2026-02-24 13:59:41,762 [WARN] PackLoader:240 - Cannot read IP mode file for wolfSSL.I-CUBE-wolfSSL.5.8.2
2026-02-24 13:59:41,765 [WARN] PackLoader:240 - Cannot read IP mode file for STMicroelectronics.X-CUBE-BLE1.7.1.0
2026-02-24 13:59:41,767 [WARN] PackLoader:240 - Cannot read IP mode file for wolfSSL.I-CUBE-wolfMQTT.1.19.2
2026-02-24 13:59:41,769 [ERROR] Engine:466 - /home/stratobotic/.stm32cubemx/thirdparties/pdsc/STMicroelectronics.X-CUBE-FREERTOS.1.4.0.pdsc: PDSC version is not supported
2026-02-24 13:59:41,773 [WARN] PackLoader:240 - Cannot read IP mode file for STMicroelectronics.X-CUBE-EEPRMA1.5.2.0
2026-02-24 13:59:41,776 [ERROR] Engine:466 - /home/stratobotic/.stm32cubemx/thirdparties/pdsc/STMicroelectronics.X-CUBE-ST67W61.1.1.0.pdsc: PDSC version is not supported
2026-02-24 13:59:41,830 [WARN] PackLoader:240 - Cannot read IP mode file for STMicroelectronics.X-CUBE-MEMS1.12.0.0
2026-02-24 13:59:41,905 [WARN] PackLoader:240 - Cannot read IP mode file for STMicroelectronics.X-CUBE-AZRTOS-G0.1.1.0
2026-02-24 13:59:41,911 [WARN] PackLoader:240 - Cannot read IP mode file for STMicroelectronics.X-CUBE-SAFEA1.1.2.2
2026-02-24 13:59:41,914 [WARN] PackLoader:240 - Cannot read IP mode file for STMicroelectronics.X-CUBE-NFC4.3.0.0
2026-02-24 13:59:41,922 [WARN] PackLoader:240 - Cannot read IP mode file for EmbeddedOffice.I-CUBE-FS-RTOS.1.0.1
2026-02-24 13:59:41,926 [WARN] PackLoader:240 - Cannot read IP mode file for STMicroelectronics.X-CUBE-WB05N.2.0.0
2026-02-24 13:59:41,930 [WARN] PackLoader:240 - Cannot read IP mode file for wolfSSL.I-CUBE-wolfTPM.3.8.0
2026-02-24 13:59:41,933 [WARN] PackLoader:240 - Cannot read IP mode file for STMicroelectronics.X-CUBE-TCPP.4.2.0
2026-02-24 13:59:41,937 [WARN] PackLoader:240 - Cannot read IP mode file for RealThread.X-CUBE-RT-Thread_Nano.4.1.1
2026-02-24 13:59:41,940 [WARN] PackLoader:240 - Cannot read IP mode file for STMicroelectronics.FP-ATR-SIGFOX1.3.2.0
2026-02-24 13:59:41,943 [WARN] PackLoader:240 - Cannot read IP mode file for ITTIA_DB.I-CUBE-ITTIADB.8.9.0
2026-02-24 13:59:41,947 [WARN] PackLoader:240 - Cannot read IP mode file for STMicroelectronics.X-CUBE-NFC6.3.2.0
2026-02-24 13:59:41,952 [WARN] PackLoader:240 - Cannot read IP mode file for STMicroelectronics.X-CUBE-ST67W61.1.0.0
2026-02-24 13:59:41,955 [WARN] PackLoader:240 - Cannot read IP mode file for STMicroelectronics.X-CUBE-AI.10.2.0
2026-02-24 13:59:41,973 [WARN] PackLoader:240 - Cannot read IP mode file for SEGGER.I-CUBE-embOS.1.3.1
2026-02-24 13:59:42,013 [WARN] PackLoader:240 - Cannot read IP mode file for STMicroelectronics.X-CUBE-ALGOBUILD.1.4.0
2026-02-24 13:59:42,059 [WARN] PackLoader:240 - Cannot read IP mode file for STMicroelectronics.X-CUBE-MEMS1.11.3.0
2026-02-24 13:59:42,163 [WARN] PackLoader:240 - Cannot read IP mode file for STMicroelectronics.X-CUBE-PM33A1.1.0.0
2026-02-24 13:59:42,173 [WARN] PackLoader:240 - Cannot read IP mode file for STMicroelectronics.X-CUBE-AZRTOS-F4.1.1.0
2026-02-24 13:59:42,178 [WARN] PackLoader:240 - Cannot read IP mode file for STMicroelectronics.X-CUBE-ISPU.2.1.0
2026-02-24 13:59:42,181 [ERROR] Engine:466 - /home/stratobotic/.stm32cubemx/thirdparties/pdsc/STMicroelectronics.X-CUBE-IPS.3.2.0.pdsc: PDSC version is not supported
2026-02-24 13:59:42,185 [WARN] PackLoader:240 - Cannot read IP mode file for STMicroelectronics.X-CUBE-NFC12.1.0.0
2026-02-24 13:59:42,207 [WARN] PackLoader:240 - Cannot read IP mode file for STMicroelectronics.X-CUBE-AZRTOS-L5.2.0.0
2026-02-24 13:59:42,215 [WARN] PackLoader:240 - Cannot read IP mode file for STMicroelectronics.X-CUBE-NFC6.3.1.0
2026-02-24 13:59:42,220 [WARN] PackLoader:240 - Cannot read IP mode file for STMicroelectronics.X-CUBE-FREERTOS.1.3.1
2026-02-24 13:59:42,231 [WARN] PackLoader:240 - Cannot read IP mode file for STMicroelectronics.X-CUBE-TOUCHGFX.4.26.0
2026-02-24 13:59:42,234 [WARN] PackLoader:240 - Cannot read IP mode file for STMicroelectronics.FP-SNS-STAIOTCFT.1.0.0
2026-02-24 13:59:42,237 [WARN] PackLoader:240 - Cannot read IP mode file for STMicroelectronics.X-CUBE-DPower.1.3.0
2026-02-24 13:59:42,246 [WARN] ConditionMgr:438 - getConditionDescription Invalid condition id : LAN8742 Phy interface Condition cause : null
2026-02-24 13:59:42,247 [WARN] PackLoader:240 - Cannot read IP mode file for STMicroelectronics.X-CUBE-AZRTOS-L4.2.0.0
2026-02-24 13:59:42,248 [WARN] ConditionMgr:1044 - genDependencies : Invalid condition id : LAN8742 Phy interface Condition cause : null
2026-02-24 13:59:42,248 [WARN] ConditionMgr:1044 - genDependencies : Invalid condition id : LAN8742 Phy interface Condition cause : null
2026-02-24 13:59:42,248 [WARN] ConditionMgr:1044 - genDependencies : Invalid condition id : LAN8742 Phy interface Condition cause : null
2026-02-24 13:59:42,253 [WARN] PackLoader:240 - Cannot read IP mode file for STMicroelectronics.X-CUBE-SFXS2LP1.4.0.0
2026-02-24 13:59:42,257 [ERROR] Engine:466 - /home/stratobotic/.stm32cubemx/thirdparties/pdsc/STMicroelectronics.X-CUBE-ST67W61.1.2.0.pdsc: PDSC version is not supported
2026-02-24 13:59:42,262 [WARN] PackLoader:240 - Cannot read IP mode file for STMicroelectronics.X-CUBE-BLEMGR.4.1.0
2026-02-24 13:59:42,272 [WARN] ConditionMgr:438 - getConditionDescription Invalid condition id : UX DEVICE CLASS RTOS Condition cause : null
2026-02-24 13:59:42,272 [WARN] ConditionMgr:438 - getConditionDescription Invalid condition id : UX DEVICE CLASS RTOS Condition cause : null
2026-02-24 13:59:42,273 [WARN] PackLoader:240 - Cannot read IP mode file for STMicroelectronics.X-CUBE-AZRTOS-WB.2.0.0
2026-02-24 13:59:42,274 [WARN] ConditionMgr:1044 - genDependencies : Invalid condition id : UX DEVICE CLASS RTOS Condition cause : null
2026-02-24 13:59:42,274 [WARN] ConditionMgr:1044 - genDependencies : Invalid condition id : UX DEVICE CLASS RTOS Condition cause : null
2026-02-24 13:59:42,274 [WARN] ConditionMgr:1044 - genDependencies : Invalid condition id : UX DEVICE CLASS RTOS Condition cause : null
2026-02-24 13:59:42,274 [WARN] ConditionMgr:1044 - genDependencies : Invalid condition id : UX DEVICE CLASS RTOS Condition cause : null
2026-02-24 13:59:42,274 [WARN] ConditionMgr:1044 - genDependencies : Invalid condition id : UX DEVICE CLASS RTOS Condition cause : null
2026-02-24 13:59:42,277 [WARN] PackLoader:240 - Cannot read IP mode file for STMicroelectronics.X-CUBE-GNSS1.7.0.1
2026-02-24 13:59:42,279 [WARN] ConditionMgr:438 - getConditionDescription Invalid condition id : Cortex-A Device cause : null
2026-02-24 13:59:42,284 [WARN] ConditionMgr:1044 - genDependencies : Invalid condition id : Cortex-A Device cause : null
2026-02-24 13:59:42,284 [WARN] ConditionMgr:1044 - genDependencies : Invalid condition id : Cortex-A Device cause : null
2026-02-24 13:59:42,284 [WARN] ConditionMgr:1044 - genDependencies : Invalid condition id : Cortex-A Device cause : null
2026-02-24 13:59:42,287 [WARN] PackLoader:240 - Cannot read IP mode file for STMicroelectronics.X-CUBE-STSE01.2.0.0
2026-02-24 13:59:42,293 [WARN] PackLoader:240 - Cannot read IP mode file for STMicroelectronics.X-CUBE-SUBG2.5.0.0
2026-02-24 13:59:42,305 [WARN] PackLoader:240 - Cannot read IP mode file for STMicroelectronics.X-CUBE-AZRTOS-H7RS.1.1.0
2026-02-24 13:59:42,314 [WARN] PackLoader:240 - Cannot read IP mode file for STMicroelectronics.X-CUBE-AZRTOS-G4.2.0.0
2026-02-24 13:59:42,317 [WARN] PackLoader:240 - Cannot read IP mode file for wolfSSL.I-CUBE-wolfSSH.1.4.20
2026-02-24 13:59:42,319 [WARN] PackLoader:240 - Cannot read IP mode file for STMicroelectronics.X-CUBE-NFC7.2.0.0
2026-02-24 13:59:42,325 [WARN] PackLoader:240 - Cannot read IP mode file for STMicroelectronics.X-CUBE-IPS.3.1.0
2026-02-24 13:59:42,330 [WARN] PackLoader:240 - Cannot read IP mode file for STMicroelectronics.X-CUBE-ALS.1.0.2
2026-02-24 13:59:42,333 [WARN] PackLoader:240 - Cannot read IP mode file for STMicroelectronics.X-CUBE-STSE01.1.0.0
2026-02-24 13:59:42,338 [WARN] PackLoader:240 - Cannot read IP mode file for STMicroelectronics.X-CUBE-TOF1.3.4.3
2026-02-24 13:59:42,346 [INFO] ThirdParty:978 - Integrity check success = true
2026-02-24 13:59:42,346 [INFO] IntegrityCheckThread:100 - exiting critical section [integrity check]
2026-02-24 13:59:42,346 [INFO] IntegrityCheckThread:103 - End integrity checks thread
2026-02-24 13:59:44,110 [INFO] WebApp:463 - Apply proxy settings
2026-02-24 13:59:44,111 [INFO] WebApp:548 - Chromium requires no authentication
2026-02-24 13:59:44,143 [INFO] WebApp:491 - Direct internet connection detected
2026-02-24 13:59:44,188 [INFO] WebApp:894 - Register for checkConnection events
2026-02-24 13:59:44,188 [INFO] WebApp:463 - Apply proxy settings
2026-02-24 13:59:44,188 [INFO] WebApp:548 - Chromium requires no authentication
2026-02-24 13:59:44,188 [INFO] WebApp:491 - Direct internet connection detected
2026-02-24 13:59:44,362 [INFO] WebApp:225 - Starting web application
2026-02-24 13:59:44,362 [INFO] WebApp:593 - Web application path used /opt/st/stm32cubeide_1.18.0/plugins/com.st.stm32cube.common.mx_6.14.0.202502271554/db/plugins/mcufinder/reactClient1/index.html
2026-02-24 13:59:44,918 [INFO] WebApp:191 - Connection restablished
2026-02-24 13:59:45,000 [INFO] UserAuth:486 - Internet connection configuration mode: 1
