../Core/Src/main.c:251:5:main	5
../Core/Src/main.c:416:6:SystemClock_Config	3
../Core/Src/main.c:455:13:MX_TIM1_Init	4
../Core/Src/main.c:501:13:MX_TIM2_Init	4
../Core/Src/main.c:546:13:MX_GPIO_Init	1
../Core/Src/main.c:635:10:getRowDataFromFrameBuffer	3
../Core/Src/main.c:708:6:HAL_TIM_PeriodElapsedCallback	6
../Core/Src/main.c:757:6:PrecomputeFrame	27
../Core/Src/main.c:833:6:GetHardwareRow	3
../Core/Src/main.c:844:6:initBitDurationLUT	2
../Core/Src/main.c:851:6:setLeds	21
../Core/Src/main.c:1736:6:convertArrayToRegistersA	7
../Core/Src/main.c:1762:6:convertArrayToRegistersB	7
../Core/Src/main.c:1788:6:convertArrayToRegistersC	7
../Core/Src/main.c:1814:6:convertArrayToRegistersD	7
../Core/Src/main.c:1840:6:writeRegisters	1
../Core/Src/main.c:1861:6:turn_on_all_LEDs_FAST	1
../Core/Src/main.c:1904:6:HAL_GPIO_EXTI_Callback	1
../Core/Src/main.c:2021:6:Error_Handler	1
