../Core/Src/main.c:173:5:main	1
../Core/Src/main.c:225:6:SystemClock_Config	3
../Core/Src/main.c:264:13:MX_TIM1_Init	4
../Core/Src/main.c:310:13:MX_GPIO_Init	1
../Core/Src/main.c:388:6:initBitDurationLUT	2
../Core/Src/main.c:395:6:HAL_TIM_PeriodElapsedCallback	6
../Core/Src/main.c:429:6:setLeds	21
../Core/Src/main.c:1314:6:convertArrayToRegistersA	7
../Core/Src/main.c:1340:6:convertArrayToRegistersB	7
../Core/Src/main.c:1366:6:convertArrayToRegistersC	7
../Core/Src/main.c:1392:6:convertArrayToRegistersD	7
../Core/Src/main.c:1418:6:writeRegisters	1
../Core/Src/main.c:1439:6:turn_on_all_LEDs_FAST	1
../Core/Src/main.c:1488:6:Error_Handler	1
