../Core/Src/main.c:200:5:main	8	static
../Core/Src/main.c:328:6:SystemClock_Config	72	static
../Core/Src/main.c:367:13:MX_TIM1_Init	32	static
../Core/Src/main.c:413:13:MX_TIM2_Init	32	static
../Core/Src/main.c:458:13:MX_GPIO_Init	48	static
../Core/Src/main.c:547:10:getRowDataFromFrameBuffer	32	static
../Core/Src/main.c:577:6:initBitDurationLUT	16	static
../Core/Src/main.c:584:6:HAL_TIM_PeriodElapsedCallback	16	static
../Core/Src/main.c:620:6:setLeds	32	static
../Core/Src/main.c:1505:6:convertArrayToRegistersA	24	static
../Core/Src/main.c:1531:6:convertArrayToRegistersB	24	static
../Core/Src/main.c:1557:6:convertArrayToRegistersC	24	static
../Core/Src/main.c:1583:6:convertArrayToRegistersD	24	static
../Core/Src/main.c:1609:6:writeRegisters	4	static
../Core/Src/main.c:1630:6:turn_on_all_LEDs_FAST	4	static
../Core/Src/main.c:1673:6:HAL_GPIO_EXTI_Callback	16	static
../Core/Src/main.c:1690:6:Error_Handler	4	static,ignoring_inline_asm
